[40m[2J[0;36m1. Filename   : [1;37mARJCOM01.ARJ[2;1H[0;36m2. Description: [1;32mMass comment/strip ARJ files. Great SysOp utility![3;1H   [0;36mExtended   : [1;32mSearch/delete unwanted files. -=FaSt and may be  (18)[4;1H[14C[0;36m: [s
[u[1;32mused in batch files. Free utilty from PSI.[5;1H[0;36m3. File size  : [1;35m14424 bytes (14K) / 112 blocks[6;1H[0;36m4. UL'd by    : [1;34mRishi Persad #367[7;1H[0;36m5. UL'd on    : [1;33m05/12/92[8;1H[0;36m6. Times DL'd : [1;33m6
[9;1H[0;36m7. File points: [1;34m0 [5;31m<NV>
